--- number ---
(type (number))

--- boolean_1 ---
(type (boolean))

--- boolean_2 ---
(type (boolean))

--- plus ---
(type (number))

--- minus ---
(type (number))

--- times ---
(type (number))

--- divide ---
(type (number))

--- equal ---
(type (boolean))

--- less_than ---
(type (boolean))

--- and ---
(type (boolean))

--- or ---
(type (boolean))

--- not ---
(type (boolean))

--- if ---
(type (number))

--- let ---
(type (number))

--- let_ident ---
(type (number))

--- let_multi ---
(type (number))

--- let_nested ---
(type (number))

